
> dva-mana-receive-independent@0.3.0 test
> node tools/run-tests.mjs

TAP version 13
# Subtest: 配布WGSLは新規形状正本からの全展開に一致
ok 1 - 配布WGSLは新規形状正本からの全展開に一致
  ---
  duration_ms: 9.588167
  type: 'test'
  ...
# Subtest: WGSL二乗は負の底をpowへ渡さず積で計算
ok 2 - WGSL二乗は負の底をpowへ渡さず積で計算
  ---
  duration_ms: 1.459894
  type: 'test'
  ...
# Subtest: 独立版0.3と継承1.6所有者秒の設計正本が一致
ok 3 - 独立版0.3と継承1.6所有者秒の設計正本が一致
  ---
  duration_ms: 5.145325
  type: 'test'
  ...
# Subtest: GPU/無説明読解を静的検査から合格へ転記しない
ok 4 - GPU/無説明読解を静的検査から合格へ転記しない
  ---
  duration_ms: 1.707684
  type: 'test'
  ...
# Subtest: verify画面はH64 native bufferをCSSで変形しない
ok 5 - verify画面はH64 native bufferをCSSで変形しない
  ---
  duration_ms: 0.443776
  type: 'test'
  ...
# Subtest: 音声原音を収録しverifyページから音声APIを作らない
ok 6 - 音声原音を収録しverifyページから音声APIを作らない
  ---
  duration_ms: 0.425233
  type: 'test'
  ...
# Subtest: 単発SFXは同じevent keyで一度だけ
ok 7 - 単発SFXは同じevent keyで一度だけ
  ---
  duration_ms: 120.670859
  type: 'test'
  ...
# Subtest: 速度切替は同じsourceの再生位置を保つ操作だけ
ok 8 - 速度切替は同じsourceの再生位置を保つ操作だけ
  ---
  duration_ms: 75.301958
  type: 'test'
  ...
# Subtest: AudioContext未稼働では発音・遅延再発音しない
ok 9 - AudioContext未稼働では発音・遅延再発音しない
  ---
  duration_ms: 41.88908
  type: 'test'
  ...
# Subtest: suspendは全声を止め、resumeしても勝手に鳴らさない
ok 10 - suspendは全声を止め、resumeしても勝手に鳴らさない
  ---
  duration_ms: 33.146535
  type: 'test'
  ...
# Subtest: ルーム切替で声・ID台帳を捨てる
ok 11 - ルーム切替で声・ID台帳を捨てる
  ---
  duration_ms: 43.881678
  type: 'test'
  ...
# Subtest: 異なる3件の声とevent idは独立
ok 12 - 異なる3件の声とevent idは独立
  ---
  duration_ms: 40.236033
  type: 'test'
  ...
# Subtest: 無効音声条件 {"age":1.6}
ok 13 - 無効音声条件 {"age":1.6}
  ---
  duration_ms: 36.20772
  type: 'test'
  ...
# Subtest: 無効音声条件 {"age":-1}
ok 14 - 無効音声条件 {"age":-1}
  ---
  duration_ms: 38.947349
  type: 'test'
  ...
# Subtest: 無効音声条件 {"rate":0}
ok 15 - 無効音声条件 {"rate":0}
  ---
  duration_ms: 38.995378
  type: 'test'
  ...
# Subtest: 無効音声条件 {"rate":3}
ok 16 - 無効音声条件 {"rate":3}
  ---
  duration_ms: 30.103289
  type: 'test'
  ...
# Subtest: SFX 44100Hz長さ/有限値/ピーク/端点
ok 17 - SFX 44100Hz長さ/有限値/ピーク/端点
  ---
  duration_ms: 37.917959
  type: 'test'
  ...
# Subtest: SFX 48000Hz長さ/有限値/ピーク/端点
ok 18 - SFX 48000Hz長さ/有限値/ピーク/端点
  ---
  duration_ms: 32.352408
  type: 'test'
  ...
# Subtest: SFXは決定的な独自波形
ok 19 - SFXは決定的な独自波形
  ---
  duration_ms: 12.022679
  type: 'test'
  ...
# Subtest: pendingは積分しない
ok 20 - pendingは積分しない
  ---
  duration_ms: 4.152897
  type: 'test'
  ...
# Subtest: 等速の完了
ok 21 - 等速の完了
  ---
  duration_ms: 0.239429
  type: 'test'
  ...
# Subtest: 実効ACC2のみ800msで完了
ok 22 - 実効ACC2のみ800msで完了
  ---
  duration_ms: 0.105443
  type: 'test'
  ...
# Subtest: 途中の1→2→1の区分積分
ok 23 - 途中の1→2→1の区分積分
  ---
  duration_ms: 0.611143
  type: 'test'
  ...
# Subtest: setMotionは位相を巻き戻さない
ok 24 - setMotionは位相を巻き戻さない
  ---
  duration_ms: 0.142614
  type: 'test'
  ...
# Subtest: 再startはoffsetを変えない
ok 25 - 再startはoffsetを変えない
  ---
  duration_ms: 0.234745
  type: 'test'
  ...
# Subtest: 巻き戻し/非有限時間を拒否
ok 26 - 巻き戻し/非有限時間を拒否
  ---
  duration_ms: 0.60185
  type: 'test'
  ...
# Subtest: 過大ステップを唯一のdurationで打ち切る
ok 27 - 過大ステップを唯一のdurationで打ち切る
  ---
  duration_ms: 0.128485
  type: 'test'
  ...
# Subtest: 通常map-objectとMystery mana-surgeだけを受理
ok 28 - 通常map-objectとMystery mana-surgeだけを受理
  ---
  duration_ms: 7.691931
  type: 'test'
  ...
# Subtest: 除外:zero
ok 29 - 除外:zero
  ---
  duration_ms: 0.957031
  type: 'test'
  ...
# Subtest: 除外:negative
ok 30 - 除外:negative
  ---
  duration_ms: 0.321815
  type: 'test'
  ...
# Subtest: 除外:capped-no-change
ok 31 - 除外:capped-no-change
  ---
  duration_ms: 0.157522
  type: 'test'
  ...
# Subtest: 除外:natural
ok 32 - 除外:natural
  ---
  duration_ms: 0.178818
  type: 'test'
  ...
# Subtest: 除外:uncommitted
ok 33 - 除外:uncommitted
  ---
  duration_ms: 0.091522
  type: 'test'
  ...
# Subtest: 除外:wrong-type
ok 34 - 除外:wrong-type
  ---
  duration_ms: 0.13206
  type: 'test'
  ...
# Subtest: 除外:wrong-kind
ok 35 - 除外:wrong-kind
  ---
  duration_ms: 0.089634
  type: 'test'
  ...
# Subtest: 除外:other-room
ok 36 - 除外:other-room
  ---
  duration_ms: 0.735657
  type: 'test'
  ...
# Subtest: 除外:other-session
ok 37 - 除外:other-session
  ---
  duration_ms: 0.622766
  type: 'test'
  ...
# Subtest: 除外:expired
ok 38 - 除外:expired
  ---
  duration_ms: 0.204698
  type: 'test'
  ...
# Subtest: 除外:future
ok 39 - 除外:future
  ---
  duration_ms: 0.106022
  type: 'test'
  ...
# Subtest: 除外:bad-time
ok 40 - 除外:bad-time
  ---
  duration_ms: 0.069373
  type: 'test'
  ...
# Subtest: 除外:owner-mismatch
ok 41 - 除外:owner-mismatch
  ---
  duration_ms: 0.08119
  type: 'test'
  ...
# Subtest: 除外:bad-number
ok 42 - 除外:bad-number
  ---
  duration_ms: 0.13433
  type: 'test'
  ...
# Subtest: 除外:infinite
ok 43 - 除外:infinite
  ---
  duration_ms: 0.067969
  type: 'test'
  ...
# Subtest: 除外:before-negative
ok 44 - 除外:before-negative
  ---
  duration_ms: 0.069431
  type: 'test'
  ...
# Subtest: 除外:unknown-source
ok 45 - 除外:unknown-source
  ---
  duration_ms: 0.083297
  type: 'test'
  ...
# Subtest: 除外:unknown-variant
ok 46 - 除外:unknown-variant
  ---
  duration_ms: 0.071999
  type: 'test'
  ...
# Subtest: 除外:mystery-other
ok 47 - 除外:mystery-other
  ---
  duration_ms: 0.06963
  type: 'test'
  ...
# Subtest: 除外:desire-recovery
ok 48 - 除外:desire-recovery
  ---
  duration_ms: 0.250794
  type: 'test'
  ...
# Subtest: 除外:renki
ok 49 - 除外:renki
  ---
  duration_ms: 0.078963
  type: 'test'
  ...
# Subtest: 除外:renki-tenfold
ok 50 - 除外:renki-tenfold
  ---
  duration_ms: 0.106258
  type: 'test'
  ...
# Subtest: 識別子:id/
ok 51 - 識別子:id/
  ---
  duration_ms: 2.549724
  type: 'test'
  ...
# Subtest: 識別子:id/null
ok 52 - 識別子:id/null
  ---
  duration_ms: 0.10786
  type: 'test'
  ...
# Subtest: 識別子:id/4
ok 53 - 識別子:id/4
  ---
  duration_ms: 0.071788
  type: 'test'
  ...
# Subtest: 識別子:playerId/
ok 54 - 識別子:playerId/
  ---
  duration_ms: 0.067019
  type: 'test'
  ...
# Subtest: 識別子:playerId/null
ok 55 - 識別子:playerId/null
  ---
  duration_ms: 0.110229
  type: 'test'
  ...
# Subtest: 識別子:playerId/4
ok 56 - 識別子:playerId/4
  ---
  duration_ms: 0.065665
  type: 'test'
  ...
# Subtest: 識別子:roomId/
ok 57 - 識別子:roomId/
  ---
  duration_ms: 0.06414
  type: 'test'
  ...
# Subtest: 識別子:roomId/null
ok 58 - 識別子:roomId/null
  ---
  duration_ms: 0.102846
  type: 'test'
  ...
# Subtest: 識別子:roomId/4
ok 59 - 識別子:roomId/4
  ---
  duration_ms: 0.065995
  type: 'test'
  ...
# Subtest: 識別子:sessionId/
ok 60 - 識別子:sessionId/
  ---
  duration_ms: 0.06286
  type: 'test'
  ...
# Subtest: 識別子:sessionId/null
ok 61 - 識別子:sessionId/null
  ---
  duration_ms: 0.058354
  type: 'test'
  ...
# Subtest: 識別子:sessionId/4
ok 62 - 識別子:sessionId/4
  ---
  duration_ms: 0.058421
  type: 'test'
  ...
# Subtest: 受け手抑制:dead
ok 63 - 受け手抑制:dead
  ---
  duration_ms: 0.493977
  type: 'test'
  ...
# Subtest: 受け手抑制:departed
ok 64 - 受け手抑制:departed
  ---
  duration_ms: 0.103151
  type: 'test'
  ...
# Subtest: 受け手抑制:vented
ok 65 - 受け手抑制:vented
  ---
  duration_ms: 0.078476
  type: 'test'
  ...
# Subtest: 受け手抑制:invisible
ok 66 - 受け手抑制:invisible
  ---
  duration_ms: 0.074519
  type: 'test'
  ...
# Subtest: 受け手抑制:opacity0
ok 67 - 受け手抑制:opacity0
  ---
  duration_ms: 0.069973
  type: 'test'
  ...
# Subtest: 受け手抑制:offscreen
ok 68 - 受け手抑制:offscreen
  ---
  duration_ms: 0.070464
  type: 'test'
  ...
# Subtest: 受け手抑制:hidden
ok 69 - 受け手抑制:hidden
  ---
  duration_ms: 0.151748
  type: 'test'
  ...
# Subtest: 受け手抑制:position
ok 70 - 受け手抑制:position
  ---
  duration_ms: 0.183178
  type: 'test'
  ...
# Subtest: 受け手抑制:unknown
ok 71 - 受け手抑制:unknown
  ---
  duration_ms: 0.091393
  type: 'test'
  ...
# Subtest: 区切り文字を含むIDに衝突がない
ok 72 - 区切り文字を含むIDに衝突がない
  ---
  duration_ms: 3.86063
  type: 'test'
  ...
# Subtest: 速度:off/false/false
ok 73 - 速度:off/false/false
  ---
  duration_ms: 0.292349
  type: 'test'
  ...
# Subtest: 速度:off/false/true
ok 74 - 速度:off/false/true
  ---
  duration_ms: 0.075066
  type: 'test'
  ...
# Subtest: 速度:off/true/false
ok 75 - 速度:off/true/false
  ---
  duration_ms: 0.055799
  type: 'test'
  ...
# Subtest: 速度:off/true/true
ok 76 - 速度:off/true/true
  ---
  duration_ms: 0.050247
  type: 'test'
  ...
# Subtest: 速度:waiting/false/false
ok 77 - 速度:waiting/false/false
  ---
  duration_ms: 0.099177
  type: 'test'
  ...
# Subtest: 速度:waiting/false/true
ok 78 - 速度:waiting/false/true
  ---
  duration_ms: 0.056062
  type: 'test'
  ...
# Subtest: 速度:waiting/true/false
ok 79 - 速度:waiting/true/false
  ---
  duration_ms: 0.049768
  type: 'test'
  ...
# Subtest: 速度:waiting/true/true
ok 80 - 速度:waiting/true/true
  ---
  duration_ms: 0.049443
  type: 'test'
  ...
# Subtest: 速度:reserved/false/false
ok 81 - 速度:reserved/false/false
  ---
  duration_ms: 0.051744
  type: 'test'
  ...
# Subtest: 速度:reserved/false/true
ok 82 - 速度:reserved/false/true
  ---
  duration_ms: 0.054959
  type: 'test'
  ...
# Subtest: 速度:reserved/true/false
ok 83 - 速度:reserved/true/false
  ---
  duration_ms: 0.050466
  type: 'test'
  ...
# Subtest: 速度:reserved/true/true
ok 84 - 速度:reserved/true/true
  ---
  duration_ms: 0.050488
  type: 'test'
  ...
# Subtest: 速度:active/false/false
ok 85 - 速度:active/false/false
  ---
  duration_ms: 0.049319
  type: 'test'
  ...
# Subtest: 速度:active/false/true
ok 86 - 速度:active/false/true
  ---
  duration_ms: 0.044882
  type: 'test'
  ...
# Subtest: 速度:active/true/false
ok 87 - 速度:active/true/false
  ---
  duration_ms: 0.046024
  type: 'test'
  ...
# Subtest: 速度:active/true/true
ok 88 - 速度:active/true/true
  ---
  duration_ms: 0.051341
  type: 'test'
  ...
# Subtest: 未指定/数値truthyは実効ACC2でない
ok 89 - 未指定/数値truthyは実効ACC2でない
  ---
  duration_ms: 0.099743
  type: 'test'
  ...
# Subtest: 確定した総尺と包絡
ok 90 - 確定した総尺と包絡
  ---
  duration_ms: 1.754719
  type: 'test'
  ...
# Subtest: 源・輸送中・受領済みの表示量が保存される
ok 91 - 源・輸送中・受領済みの表示量が保存される
  ---
  duration_ms: 17.775893
  type: 'test'
  ...
# Subtest: 到達より前に受領量を増やさない
ok 92 - 到達より前に受領量を増やさない
  ---
  duration_ms: 0.567278
  type: 'test'
  ...
# Subtest: 受領済み量が全区間で非減少
ok 93 - 受領済み量が全区間で非減少
  ---
  duration_ms: 1.149671
  type: 'test'
  ...
# Subtest: 全active位相で源・輸送・受領の支持形が残る
ok 94 - 全active位相で源・輸送・受領の支持形が残る
  ---
  duration_ms: 23.471695
  type: 'test'
  ...
# Subtest: 3区画の接合が幾何学的に重なる
ok 95 - 3区画の接合が幾何学的に重なる
  ---
  duration_ms: 0.691859
  type: 'test'
  ...
# Subtest: 搬送の幅をH64の細線へ縮めない
ok 96 - 搬送の幅をH64の細線へ縮めない
  ---
  duration_ms: 3.951001
  type: 'test'
  ...
# Subtest: 終端は全層が同時にゼロ。glowだけ残らない
ok 97 - 終端は全層が同時にゼロ。glowだけ残らない
  ---
  duration_ms: 3.392444
  type: 'test'
  ...
# Subtest: 指定包絡の外に本体/観測効果を漏らさない
ok 98 - 指定包絡の外に本体/観測効果を漏らさない
  ---
  duration_ms: 0.369015
  type: 'test'
  ...
# Subtest: 低減モーションでも因果形と受領面積は変えない
ok 99 - 低減モーションでも因果形と受領面積は変えない
  ---
  duration_ms: 1.159006
  type: 'test'
  ...
# Subtest: OBSを外しても有色本体を保持
ok 100 - OBSを外しても有色本体を保持
  ---
  duration_ms: 0.923034
  type: 'test'
  ...
# Subtest: 暗明の出力は有限0..1
ok 101 - 暗明の出力は有限0..1
  ---
  duration_ms: 137.085458
  type: 'test'
  ...
# Subtest: 受領面積が空→中間→満量で増える
ok 102 - 受領面積が空→中間→満量で増える
  ---
  duration_ms: 122.94633
  type: 'test'
  ...
# Subtest: admit/prepareは発音せず、可視GPU receiptで一度だけ
ok 103 - admit/prepareは発音せず、可視GPU receiptで一度だけ
  ---
  duration_ms: 2.885541
  type: 'test'
  ...
# Subtest: 不十分なreceipt {"gpuSucceeded":false}
ok 104 - 不十分なreceipt {"gpuSucceeded":false}
  ---
  duration_ms: 1.129543
  type: 'test'
  ...
# Subtest: 不十分なreceipt {"canvasVisible":false}
ok 105 - 不十分なreceipt {"canvasVisible":false}
  ---
  duration_ms: 0.23742
  type: 'test'
  ...
# Subtest: 不十分なreceipt {"visibleTokens":[]}
ok 106 - 不十分なreceipt {"visibleTokens":[]}
  ---
  duration_ms: 0.312099
  type: 'test'
  ...
# Subtest: 不十分なreceipt {"kind":"cpu-frame"}
ok 107 - 不十分なreceipt {"kind":"cpu-frame"}
  ---
  duration_ms: 0.286419
  type: 'test'
  ...
# Subtest: 発音抑制は後から補発音しない {"muted":true}
ok 108 - 発音抑制は後から補発音しない {"muted":true}
  ---
  duration_ms: 0.514983
  type: 'test'
  ...
# Subtest: 発音抑制は後から補発音しない {"verify":true}
ok 109 - 発音抑制は後から補発音しない {"verify":true}
  ---
  duration_ms: 0.424751
  type: 'test'
  ...
# Subtest: 発音抑制は後から補発音しない {"audioRunning":false}
ok 110 - 発音抑制は後から補発音しない {"audioRunning":false}
  ---
  duration_ms: 0.196209
  type: 'test'
  ...
# Subtest: receiptのverifyも無音
ok 111 - receiptのverifyも無音
  ---
  duration_ms: 0.664765
  type: 'test'
  ...
# Subtest: 可視前は所有者時計を開始しない
ok 112 - 可視前は所有者時計を開始しない
  ---
  duration_ms: 0.64384
  type: 'test'
  ...
# Subtest: 所有者だけが加速し、現在位置を毎フレーム読む
ok 113 - 所有者だけが加速し、現在位置を毎フレーム読む
  ---
  duration_ms: 0.463453
  type: 'test'
  ...
# Subtest: 別playerのACC2は影響しない
ok 114 - 別playerのACC2は影響しない
  ---
  duration_ms: 0.229843
  type: 'test'
  ...
# Subtest: 同じIDの再受信は再生中も終了後も拒否
ok 115 - 同じIDの再受信は再生中も終了後も拒否
  ---
  duration_ms: 0.223011
  type: 'test'
  ...
# Subtest: 不可視で抑制したIDは復帰で発火しない
ok 116 - 不可視で抑制したIDは復帰で発火しない
  ---
  duration_ms: 0.114226
  type: 'test'
  ...
# Subtest: 近接した3 IDを混ぜず初回を逐次証明
ok 117 - 近接した3 IDを混ぜず初回を逐次証明
  ---
  duration_ms: 0.419245
  type: 'test'
  ...
# Subtest: 別IDのtokenを偽装したreceiptでは発音しない
ok 118 - 別IDのtokenを偽装したreceiptでは発音しない
  ---
  duration_ms: 0.152495
  type: 'test'
  ...
# Subtest: フレーム準備後の死亡もcommitを止める
ok 119 - フレーム準備後の死亡もcommitを止める
  ---
  duration_ms: 0.123191
  type: 'test'
  ...
# Subtest: 可視後の隠蔽は音と表示を破棄する
ok 120 - 可視後の隠蔽は音と表示を破棄する
  ---
  duration_ms: 0.242618
  type: 'test'
  ...
# Subtest: セッション変更で旧receipt/音/ledgerを破棄
ok 121 - セッション変更で旧receipt/音/ledgerを破棄
  ---
  duration_ms: 0.213136
  type: 'test'
  ...
# Subtest: 同context設定は有効Eを破棄しない
ok 122 - 同context設定は有効Eを破棄しない
  ---
  duration_ms: 0.177137
  type: 'test'
  ...
# Subtest: 期限切れは音と形を中止する
ok 123 - 期限切れは音と形を中止する
  ---
  duration_ms: 0.16086
  type: 'test'
  ...
# Subtest: ミュート途中切替は声を停止し再開しない
ok 124 - ミュート途中切替は声を停止し再開しない
  ---
  duration_ms: 0.154849
  type: 'test'
  ...
# Subtest: 入力event/actorのゲーム状態を変更しない
ok 125 - 入力event/actorのゲーム状態を変更しない
  ---
  duration_ms: 0.16742
  type: 'test'
  ...
# Subtest: resolver例外はfail-closed
ok 126 - resolver例外はfail-closed
  ---
  duration_ms: 0.160089
  type: 'test'
  ...
# Subtest: active上限超過は既存を追い出さず再受信もしない
ok 127 - active上限超過は既存を追い出さず再受信もしない
  ---
  duration_ms: 0.666044
  type: 'test'
  ...
# Subtest: GPU失敗は保留/稼働Eをともに消す
ok 128 - GPU失敗は保留/稼働Eをともに消す
  ---
  duration_ms: 0.446934
  type: 'test'
  ...
# Subtest: recipient invalidateは同じ処理内で停止
ok 129 - recipient invalidateは同じ処理内で停止
  ---
  duration_ms: 0.225308
  type: 'test'
  ...
# Subtest: GPU待ち中に所有者寿命を越えたframeはpresent対象から外れる
ok 130 - GPU待ち中に所有者寿命を越えたframeはpresent対象から外れる
  ---
  duration_ms: 0.160664
  type: 'test'
  ...
# Subtest: ACC2区間の寿命超過も非同期currentで判定
ok 131 - ACC2区間の寿命超過も非同期currentで判定
  ---
  duration_ms: 0.141144
  type: 'test'
  ...
# Subtest: 矩形交差は見えない面を含めない
ok 132 - 矩形交差は見えない面を含めない
  ---
  duration_ms: 1.778423
  type: 'test'
  ...
# Subtest: viewport外のGPU画素を発音witnessから外す
ok 133 - viewport外のGPU画素を発音witnessから外す
  ---
  duration_ms: 0.48384
  type: 'test'
  ...
# Subtest: 親scroll clipを発音witnessへ反映
ok 134 - 親scroll clipを発音witnessへ反映
  ---
  duration_ms: 1.477909
  type: 'test'
  ...
# Subtest: 非表示document/祖先opacity0では可視矩形なし
ok 135 - 非表示document/祖先opacity0では可視矩形なし
  ---
  duration_ms: 0.242461
  type: 'test'
  ...
# Subtest: renderer自身の一時hiddenだけを再描画時に無視できる
ok 136 - renderer自身の一時hiddenだけを再描画時に無視できる
  ---
  duration_ms: 0.601661
  type: 'test'
  ...
1..136
# tests 136
# suites 0
# pass 136
# fail 0
# cancelled 0
# skipped 0
# todo 0
# duration_ms 694.147366
