
> dva-mana-receive-independent@0.2.0-gallery-candidate test
> node --test tests/*.test.mjs

TAP version 13
# Subtest: 一回限りのBufferSource、loop=false
ok 1 - 一回限りのBufferSource、loop=false
  ---
  duration_ms: 17.717146
  type: 'test'
  ...
# Subtest: rate変更で音を再startしない
ok 2 - rate変更で音を再startしない
  ---
  duration_ms: 13.603002
  type: 'test'
  ...
# Subtest: 非稼働AudioContextは再開後も古い音を予約しない
ok 3 - 非稼働AudioContextは再開後も古い音を予約しない
  ---
  duration_ms: 3.307943
  type: 'test'
  ...
# Subtest: 異なるIDは独立音声、stopAllはすべて停止
ok 4 - 異なるIDは独立音声、stopAllはすべて停止
  ---
  duration_ms: 3.316676
  type: 'test'
  ...
# Subtest: durationを越えた音は作らない
ok 5 - durationを越えた音は作らない
  ---
  duration_ms: 3.260803
  type: 'test'
  ...
# Subtest: セッション切替は旧音声と発音台帳を破棄
ok 6 - セッション切替は旧音声と発音台帳を破棄
  ---
  duration_ms: 3.083019
  type: 'test'
  ...
# Subtest: 通常1.6 owner秒で終了
ok 7 - 通常1.6 owner秒で終了
  ---
  duration_ms: 0.932021
  type: 'test'
  ...
# Subtest: 実効2倍は0.8壁時計秒で終了
ok 8 - 実効2倍は0.8壁時計秒で終了
  ---
  duration_ms: 0.108691
  type: 'test'
  ...
# Subtest: 途中切替の区分積分
ok 9 - 途中切替の区分積分
  ---
  duration_ms: 0.203591
  type: 'test'
  ...
# Subtest: 時計は未開始中に進まない
ok 10 - 時計は未開始中に進まない
  ---
  duration_ms: 0.099778
  type: 'test'
  ...
# Subtest: 時計の巻き戻し/非有限値を拒否
ok 11 - 時計の巻き戻し/非有限値を拒否
  ---
  duration_ms: 0.210933
  type: 'test'
  ...
# Subtest: finite carrier収支と供給→受領の順序を101位相で検査
ok 12 - finite carrier収支と供給→受領の順序を101位相で検査
  ---
  duration_ms: 1.782102
  type: 'test'
  ...
# Subtest: 輸送の前端は受領域内の固定inletへ到着
ok 13 - 輸送の前端は受領域内の固定inletへ到着
  ---
  duration_ms: 0.865473
  type: 'test'
  ...
# Subtest: reduced motionは材質変動だけを抑え、経路と蓄積を消さない
ok 14 - reduced motionは材質変動だけを抑え、経路と蓄積を消さない
  ---
  duration_ms: 0.155951
  type: 'test'
  ...
# Subtest: 有限領域外や終了後の照明はゼロ
ok 15 - 有限領域外や終了後の照明はゼロ
  ---
  duration_ms: 0.481784
  type: 'test'
  ...
# Subtest: SFX波形は有限・非クリップ・全寿命・端点ゼロ
ok 16 - SFX波形は有限・非クリップ・全寿命・端点ゼロ
  ---
  duration_ms: 76.900592
  type: 'test'
  ...
# Subtest: SFXは決定的に再生成できる
ok 17 - SFXは決定的に再生成できる
  ---
  duration_ms: 13.639416
  type: 'test'
  ...
# Subtest: 配布WAVは同梱合成ソースから生成されたもの
ok 18 - 配布WAVは同梱合成ソースから生成されたもの
  ---
  duration_ms: 26.516283
  type: 'test'
  ...
# Subtest: WGSLへ契約のphase定数を展開（コンパイル試験ではない）
ok 19 - WGSLへ契約のphase定数を展開（コンパイル試験ではない）
  ---
  duration_ms: 4.129481
  type: 'test'
  ...
# Subtest: 確定したmap-object正増分だけを受理する
ok 20 - 確定したmap-object正増分だけを受理する
  ---
  duration_ms: 1.268921
  type: 'test'
  ...
# Subtest: Mystery mana-surgeの正増分を受理する
ok 21 - Mystery mana-surgeの正増分を受理する
  ---
  duration_ms: 0.437579
  type: 'test'
  ...
# Subtest: 0実増分は抑制
ok 22 - 0実増分は抑制
  ---
  duration_ms: 0.132787
  type: 'test'
  ...
# Subtest: 負実増分は抑制
ok 23 - 負実増分は抑制
  ---
  duration_ms: 0.083213
  type: 'test'
  ...
# Subtest: 上限で無変化は抑制
ok 24 - 上限で無変化は抑制
  ---
  duration_ms: 0.845103
  type: 'test'
  ...
# Subtest: 非確定は抑制
ok 25 - 非確定は抑制
  ---
  duration_ms: 0.096133
  type: 'test'
  ...
# Subtest: 自然回復は抑制
ok 26 - 自然回復は抑制
  ---
  duration_ms: 0.133578
  type: 'test'
  ...
# Subtest: 連続回復は抑制
ok 27 - 連続回復は抑制
  ---
  duration_ms: 0.06725
  type: 'test'
  ...
# Subtest: 錬気desireは抑制
ok 28 - 錬気desireは抑制
  ---
  duration_ms: 0.254758
  type: 'test'
  ...
# Subtest: 錬気renkiは抑制
ok 29 - 錬気renkiは抑制
  ---
  duration_ms: 0.331522
  type: 'test'
  ...
# Subtest: 錬気tenfoldは抑制
ok 30 - 錬気tenfoldは抑制
  ---
  duration_ms: 0.118856
  type: 'test'
  ...
# Subtest: 別効果は抑制
ok 31 - 別効果は抑制
  ---
  duration_ms: 0.059348
  type: 'test'
  ...
# Subtest: 別typeは抑制
ok 32 - 別typeは抑制
  ---
  duration_ms: 0.046769
  type: 'test'
  ...
# Subtest: 別ルームは抑制
ok 33 - 別ルームは抑制
  ---
  duration_ms: 0.037045
  type: 'test'
  ...
# Subtest: 別セッションは抑制
ok 34 - 別セッションは抑制
  ---
  duration_ms: 0.034642
  type: 'test'
  ...
# Subtest: 失効は抑制
ok 35 - 失効は抑制
  ---
  duration_ms: 0.039548
  type: 'test'
  ...
# Subtest: 未来通知は抑制
ok 36 - 未来通知は抑制
  ---
  duration_ms: 0.034361
  type: 'test'
  ...
# Subtest: NaN増分は抑制
ok 37 - NaN増分は抑制
  ---
  duration_ms: 0.046679
  type: 'test'
  ...
# Subtest: Infinity増分は抑制
ok 38 - Infinity増分は抑制
  ---
  duration_ms: 0.034121
  type: 'test'
  ...
# Subtest: IDなしは抑制
ok 39 - IDなしは抑制
  ---
  duration_ms: 0.032338
  type: 'test'
  ...
# Subtest: 受け手なしは抑制
ok 40 - 受け手なしは抑制
  ---
  duration_ms: 0.031737
  type: 'test'
  ...
# Subtest: 未知sourceは抑制
ok 41 - 未知sourceは抑制
  ---
  duration_ms: 0.066008
  type: 'test'
  ...
# Subtest: 未知Mysteryは抑制
ok 42 - 未知Mysteryは抑制
  ---
  duration_ms: 0.039318
  type: 'test'
  ...
# Subtest: 別所有者は抑制
ok 43 - 別所有者は抑制
  ---
  duration_ms: 0.043525
  type: 'test'
  ...
# Subtest: event keyは文字列区切りの衝突を作らない
ok 44 - event keyは文字列区切りの衝突を作らない
  ---
  duration_ms: 0.090434
  type: 'test'
  ...
# Subtest: ACC2 offは等速
ok 45 - ACC2 offは等速
  ---
  duration_ms: 0.135511
  type: 'test'
  ...
# Subtest: ACC2 waitingは等速
ok 46 - ACC2 waitingは等速
  ---
  duration_ms: 0.048252
  type: 'test'
  ...
# Subtest: ACC2 reservedは等速
ok 47 - ACC2 reservedは等速
  ---
  duration_ms: 0.030396
  type: 'test'
  ...
# Subtest: 実効ACC2でも静止中は等速
ok 48 - 実効ACC2でも静止中は等速
  ---
  duration_ms: 0.052688
  type: 'test'
  ...
# Subtest: 移動かつ実効activeだけ2倍
ok 49 - 移動かつ実効activeだけ2倍
  ---
  duration_ms: 0.093148
  type: 'test'
  ...
# Subtest: effectiveフラグ未確定を2倍と推測しない
ok 50 - effectiveフラグ未確定を2倍と推測しない
  ---
  duration_ms: 0.064716
  type: 'test'
  ...
# Subtest: 受付やprepareだけでは時計/SFXを開始しない
ok 51 - 受付やprepareだけでは時計/SFXを開始しない
  ---
  duration_ms: 1.719208
  type: 'test'
  ...
# Subtest: 成功した可視フレームの同じIDで1回だけ発音
ok 52 - 成功した可視フレームの同じIDで1回だけ発音
  ---
  duration_ms: 0.284372
  type: 'test'
  ...
# Subtest: 重複IDの受付を排除
ok 53 - 重複IDの受付を排除
  ---
  duration_ms: 0.210392
  type: 'test'
  ...
# Subtest: 非成立receiptでは開始しない {"gpuSucceeded":false}
ok 54 - 非成立receiptでは開始しない {"gpuSucceeded":false}
  ---
  duration_ms: 0.141299
  type: 'test'
  ...
# Subtest: 非成立receiptでは開始しない {"canvasVisible":false}
ok 55 - 非成立receiptでは開始しない {"canvasVisible":false}
  ---
  duration_ms: 0.852243
  type: 'test'
  ...
# Subtest: 非成立receiptでは開始しない {"kind":"submitted-only"}
ok 56 - 非成立receiptでは開始しない {"kind":"submitted-only"}
  ---
  duration_ms: 0.120499
  type: 'test'
  ...
# Subtest: 非成立receiptでは開始しない {"visibleTokens":[]}
ok 57 - 非成立receiptでは開始しない {"visibleTokens":[]}
  ---
  duration_ms: 0.147679
  type: 'test'
  ...
# Subtest: 非成立receiptでは開始しない {"epoch":999}
ok 58 - 非成立receiptでは開始しない {"epoch":999}
  ---
  duration_ms: 0.140799
  type: 'test'
  ...
# Subtest: mutedでは時計のみ開始、補発音なし
ok 59 - mutedでは時計のみ開始、補発音なし
  ---
  duration_ms: 0.987444
  type: 'test'
  ...
# Subtest: verifyでは時計のみ開始、補発音なし
ok 60 - verifyでは時計のみ開始、補発音なし
  ---
  duration_ms: 0.393464
  type: 'test'
  ...
# Subtest: receipt verifyでも音を抑制
ok 61 - receipt verifyでも音を抑制
  ---
  duration_ms: 0.26342
  type: 'test'
  ...
# Subtest: AudioContext非稼働では補発音を予約しない
ok 62 - AudioContext非稼働では補発音を予約しない
  ---
  duration_ms: 0.298362
  type: 'test'
  ...
# Subtest: 受け手alive=falseを抑制し再表示しない
ok 63 - 受け手alive=falseを抑制し再表示しない
  ---
  duration_ms: 0.108681
  type: 'test'
  ...
# Subtest: 受け手present=falseを抑制し再表示しない
ok 64 - 受け手present=falseを抑制し再表示しない
  ---
  duration_ms: 0.062662
  type: 'test'
  ...
# Subtest: 受け手vented=trueを抑制し再表示しない
ok 65 - 受け手vented=trueを抑制し再表示しない
  ---
  duration_ms: 0.04723
  type: 'test'
  ...
# Subtest: 受け手invisible=trueを抑制し再表示しない
ok 66 - 受け手invisible=trueを抑制し再表示しない
  ---
  duration_ms: 0.041812
  type: 'test'
  ...
# Subtest: 受け手opacity=0を抑制し再表示しない
ok 67 - 受け手opacity=0を抑制し再表示しない
  ---
  duration_ms: 0.039118
  type: 'test'
  ...
# Subtest: 受け手onScreen=falseを抑制し再表示しない
ok 68 - 受け手onScreen=falseを抑制し再表示しない
  ---
  duration_ms: 0.037896
  type: 'test'
  ...
# Subtest: 受け手renderVisible=falseを抑制し再表示しない
ok 69 - 受け手renderVisible=falseを抑制し再表示しない
  ---
  duration_ms: 0.038317
  type: 'test'
  ...
# Subtest: 受け手sessionId=otherを抑制し再表示しない
ok 70 - 受け手sessionId=otherを抑制し再表示しない
  ---
  duration_ms: 0.04071
  type: 'test'
  ...
# Subtest: 受け手worldX=NaNを抑制し再表示しない
ok 71 - 受け手worldX=NaNを抑制し再表示しない
  ---
  duration_ms: 0.050585
  type: 'test'
  ...
# Subtest: GPU待機中の死亡は発音しない
ok 72 - GPU待機中の死亡は発音しない
  ---
  duration_ms: 0.194799
  type: 'test'
  ...
# Subtest: GPU待機中の失効は発音しない
ok 73 - GPU待機中の失効は発音しない
  ---
  duration_ms: 0.099047
  type: 'test'
  ...
# Subtest: 死亡/退場変更APIは即時に対応音を停止
ok 74 - 死亡/退場変更APIは即時に対応音を停止
  ---
  duration_ms: 0.269189
  type: 'test'
  ...
# Subtest: 非表示中は視覚・音を破棄し同じIDを復活させない
ok 75 - 非表示中は視覚・音を破棄し同じIDを復活させない
  ---
  duration_ms: 0.113679
  type: 'test'
  ...
# Subtest: 別セッションへの遅いGPU応答は無効
ok 76 - 別セッションへの遅いGPU応答は無効
  ---
  duration_ms: 0.327956
  type: 'test'
  ...
# Subtest: 3つの異なるevent idを別々に管理し発音
ok 77 - 3つの異なるevent idを別々に管理し発音
  ---
  duration_ms: 0.367775
  type: 'test'
  ...
# Subtest: 投影位置は毎フレーム現在の受け手位置から得る
ok 78 - 投影位置は毎フレーム現在の受け手位置から得る
  ---
  duration_ms: 0.117625
  type: 'test'
  ...
# Subtest: 所有者rate切替で位相連続、他playerの切替は無関係
ok 79 - 所有者rate切替で位相連続、他playerの切替は無関係
  ---
  duration_ms: 0.259775
  type: 'test'
  ...
# Subtest: GPU失敗は全イベントと音を破棄
ok 80 - GPU失敗は全イベントと音を破棄
  ---
  duration_ms: 0.194548
  type: 'test'
  ...
# Subtest: 入力eventとゲームactorを改変しない
ok 81 - 入力eventとゲームactorを改変しない
  ---
  duration_ms: 0.14164
  type: 'test'
  ...
# Subtest: 完了後も再受信を再生しない
ok 82 - 完了後も再受信を再生しない
  ---
  duration_ms: 0.153267
  type: 'test'
  ...
# Subtest: 同一受け手の同時IDは初回フレームだけ順次確認し全寿命は重ねる
ok 83 - 同一受け手の同時IDは初回フレームだけ順次確認し全寿命は重ねる
  ---
  duration_ms: 0.22216
  type: 'test'
  ...
# Subtest: r0.2もduration正本は1.6所有者秒
ok 84 - r0.2もduration正本は1.6所有者秒
  ---
  duration_ms: 0.910669
  type: 'test'
  ...
# Subtest: 源を空にする時刻と輸送後端の出発が一致
ok 85 - 源を空にする時刻と輸送後端の出発が一致
  ---
  duration_ms: 0.321346
  type: 'test'
  ...
# Subtest: 前端の到着より前には蓄積量を増やさない
ok 86 - 前端の到着より前には蓄積量を増やさない
  ---
  duration_ms: 1.539672
  type: 'test'
  ...
# Subtest: Rが満たされるまで後端は受領先へ連続移動
ok 87 - Rが満たされるまで後端は受領先へ連続移動
  ---
  duration_ms: 2.419777
  type: 'test'
  ...
# Subtest: 源の初期面積はH64解析場で300pixelを上回る（代理検査）
ok 88 - 源の初期面積はH64解析場で300pixelを上回る（代理検査）
  ---
  duration_ms: 104.245101
  type: 'test'
  ...
# Subtest: 輸送全区間はH64で少なくとも約11pxの厚みを持つ設計
ok 89 - 輸送全区間はH64で少なくとも約11pxの厚みを持つ設計
  ---
  duration_ms: 0.211504
  type: 'test'
  ...
# Subtest: 初期供給中の源と輸送に接続面を残す
ok 90 - 初期供給中の源と輸送に接続面を残す
  ---
  duration_ms: 114.96456
  type: 'test'
  ...
# Subtest: 到着から輸送終了まで受領域と輸送に接続面を残す
ok 91 - 到着から輸送終了まで受領域と輸送に接続面を残す
  ---
  duration_ms: 118.019767
  type: 'test'
  ...
# Subtest: 合成主形はH64解析場の引渡し区間で分断しない
ok 92 - 合成主形はH64解析場の引渡し区間で分断しない
  ---
  duration_ms: 1083.577472
  type: 'test'
  ...
# Subtest: 受領量の増加に対し面積が減らず、色付き面を累積
ok 93 - 受領量の増加に対し面積が減らず、色付き面を累積
  ---
  duration_ms: 343.191036
  type: 'test'
  ...
# Subtest: source・transport・receiveが同時存在する引渡し時点
ok 94 - source・transport・receiveが同時存在する引渡し時点
  ---
  duration_ms: 49.634006
  type: 'test'
  ...
# Subtest: 輸送終了後も受領量と面積を保持してから収束
ok 95 - 輸送終了後も受領量と面積を保持してから収束
  ---
  duration_ms: 22.693716
  type: 'test'
  ...
# Subtest: 收束光も源面の面積縮小に従い、広いglowだけ残さない
ok 96 - 收束光も源面の面積縮小に従い、広いglowだけ残さない
  ---
  duration_ms: 1.128743
  type: 'test'
  ...
# Subtest: seedとreduced motionで経路・量・到着時刻を変えない
ok 97 - seedとreduced motionで経路・量・到着時刻を変えない
  ---
  duration_ms: 0.301057
  type: 'test'
  ...
# Subtest: 包絡の外に主形も照明もない
ok 98 - 包絡の外に主形も照明もない
  ---
  duration_ms: 0.335247
  type: 'test'
  ...
# Subtest: u=1で全主形と放射が厳密にゼロ
ok 99 - u=1で全主形と放射が厳密にゼロ
  ---
  duration_ms: 3.308043
  type: 'test'
  ...
# Subtest: inletは足元中心から独立した外部物体ではなく受領面内
ok 100 - inletは足元中心から独立した外部物体ではなく受領面内
  ---
  duration_ms: 0.111845
  type: 'test'
  ...
# Subtest: 小さな中央定常物だけの負対照は三段階代理条件を満たさない
ok 101 - 小さな中央定常物だけの負対照は三段階代理条件を満たさない
  ---
  duration_ms: 0.200438
  type: 'test'
  ...
# Subtest: WGSLへPHASEとGEOMETRYの全選択値を一度だけ展開する
ok 102 - WGSLへPHASEとGEOMETRYの全選択値を一度だけ展開する
  ---
  duration_ms: 11.445205
  type: 'test'
  ...
# Subtest: プレビューのDOM IDは存在し重複しない
ok 103 - プレビューのDOM IDは存在し重複しない
  ---
  duration_ms: 5.700379
  type: 'test'
  ...
# Subtest: 実行経路はCPU参照描画・Canvas 2D・画像素材を読み込まない
ok 104 - 実行経路はCPU参照描画・Canvas 2D・画像素材を読み込まない
  ---
  duration_ms: 5.391762
  type: 'test'
  ...
# Subtest: 静的GPU検査ページと手動受入記録は同梱される
ok 105 - 静的GPU検査ページと手動受入記録は同梱される
  ---
  duration_ms: 1.249082
  type: 'test'
  ...
# Subtest: packageと正式B設計のduration正本に差異がない
ok 106 - packageと正式B設計のduration正本に差異がない
  ---
  duration_ms: 4.663172
  type: 'test'
  ...
# Subtest: DOMモック: 全canvasが表示域内なら可視条件成立
ok 107 - DOMモック: 全canvasが表示域内なら可視条件成立
  ---
  duration_ms: 1.016366
  type: 'test'
  ...
# Subtest: DOMモック: viewportで一部欠けるcanvasは発音可視許可を得ない
ok 108 - DOMモック: viewportで一部欠けるcanvasは発音可視許可を得ない
  ---
  duration_ms: 0.278193
  type: 'test'
  ...
# Subtest: DOMモック: 非表示タブは許可されない
ok 109 - DOMモック: 非表示タブは許可されない
  ---
  duration_ms: 0.126758
  type: 'test'
  ...
# Subtest: DOMモック: 親の透明化は許可されない
ok 110 - DOMモック: 親の透明化は許可されない
  ---
  duration_ms: 0.204653
  type: 'test'
  ...
# Subtest: DOMモック: 親のoverflow clippingは許可されない
ok 111 - DOMモック: 親のoverflow clippingは許可されない
  ---
  duration_ms: 0.213367
  type: 'test'
  ...
# Subtest: DOMモック: 切断されたcanvasは許可されない
ok 112 - DOMモック: 切断されたcanvasは許可されない
  ---
  duration_ms: 3.668918
  type: 'test'
  ...
# Subtest: DOMモック: 診断用hidden経路は常に発音不可
ok 113 - DOMモック: 診断用hidden経路は常に発音不可
  ---
  duration_ms: 0.247086
  type: 'test'
  ...
1..113
# tests 113
# suites 0
# pass 113
# fail 0
# cancelled 0
# skipped 0
# todo 0
# duration_ms 2031.601058
