TAP version 13
# Subtest: verify creates no nodes, buffers or sound
ok 1 - verify creates no nodes, buffers or sound
  ---
  duration_ms: 4.091208
  type: 'test'
  ...
# Subtest: one source, one start even for duplicate
ok 2 - one source, one start even for duplicate
  ---
  duration_ms: 126.406588
  type: 'test'
  ...
# Subtest: delayed cue begins at age offset, never from zero
ok 3 - delayed cue begins at age offset, never from zero
  ---
  duration_ms: 28.164876
  type: 'test'
  ...
# Subtest: muted and suspended consume without resume replay
ok 4 - muted and suspended consume without resume replay
  ---
  duration_ms: 23.798727
  type: 'test'
  ...
# Subtest: audio duration exhausted is silent even inside visual lifetime
ok 5 - audio duration exhausted is silent even inside visual lifetime
  ---
  duration_ms: 24.947971
  type: 'test'
  ...
# Subtest: PCM finite and bounded A/8000 (not hearing)
ok 6 - PCM finite and bounded A/8000 (not hearing)
  ---
  duration_ms: 9.60263
  type: 'test'
  ...
# Subtest: PCM finite and bounded B/8000 (not hearing)
ok 7 - PCM finite and bounded B/8000 (not hearing)
  ---
  duration_ms: 4.121461
  type: 'test'
  ...
# Subtest: PCM finite and bounded A/44100 (not hearing)
ok 8 - PCM finite and bounded A/44100 (not hearing)
  ---
  duration_ms: 21.535053
  type: 'test'
  ...
# Subtest: PCM finite and bounded B/44100 (not hearing)
ok 9 - PCM finite and bounded B/44100 (not hearing)
  ---
  duration_ms: 11.642395
  type: 'test'
  ...
# Subtest: PCM finite and bounded A/48000 (not hearing)
ok 10 - PCM finite and bounded A/48000 (not hearing)
  ---
  duration_ms: 15.077087
  type: 'test'
  ...
# Subtest: PCM finite and bounded B/48000 (not hearing)
ok 11 - PCM finite and bounded B/48000 (not hearing)
  ---
  duration_ms: 15.762915
  type: 'test'
  ...
# Subtest: PCM finite and bounded A/96000 (not hearing)
ok 12 - PCM finite and bounded A/96000 (not hearing)
  ---
  duration_ms: 43.995528
  type: 'test'
  ...
# Subtest: PCM finite and bounded B/96000 (not hearing)
ok 13 - PCM finite and bounded B/96000 (not hearing)
  ---
  duration_ms: 26.044768
  type: 'test'
  ...
# Subtest: A and B independently constructed signals
ok 14 - A and B independently constructed signals
  ---
  duration_ms: 28.300837
  type: 'test'
  ...
# Subtest: simultaneous distinct causes retain both one-shot sources with bounded coherent mix
ok 15 - simultaneous distinct causes retain both one-shot sources with bounded coherent mix
  ---
  duration_ms: 33.825797
  type: 'test'
  ...
# Subtest: logic matrix A/dark/speed1/normal (not pixels)
ok 16 - logic matrix A/dark/speed1/normal (not pixels)
  ---
  duration_ms: 22.642512
  type: 'test'
  ...
# Subtest: logic matrix A/dark/speed1/duplicate (not pixels)
ok 17 - logic matrix A/dark/speed1/duplicate (not pixels)
  ---
  duration_ms: 6.286628
  type: 'test'
  ...
# Subtest: logic matrix A/dark/speed1/delayed (not pixels)
ok 18 - logic matrix A/dark/speed1/delayed (not pixels)
  ---
  duration_ms: 8.901187
  type: 'test'
  ...
# Subtest: logic matrix A/dark/speed1/expired (not pixels)
ok 19 - logic matrix A/dark/speed1/expired (not pixels)
  ---
  duration_ms: 0.24957
  type: 'test'
  ...
# Subtest: logic matrix A/dark/speed1/offscreen (not pixels)
ok 20 - logic matrix A/dark/speed1/offscreen (not pixels)
  ---
  duration_ms: 0.611191
  type: 'test'
  ...
# Subtest: logic matrix A/dark/speed1/missing (not pixels)
ok 21 - logic matrix A/dark/speed1/missing (not pixels)
  ---
  duration_ms: 9.399452
  type: 'test'
  ...
# Subtest: logic matrix A/dark/speed2/normal (not pixels)
ok 22 - logic matrix A/dark/speed2/normal (not pixels)
  ---
  duration_ms: 2.163733
  type: 'test'
  ...
# Subtest: logic matrix A/dark/speed2/duplicate (not pixels)
ok 23 - logic matrix A/dark/speed2/duplicate (not pixels)
  ---
  duration_ms: 1.460275
  type: 'test'
  ...
# Subtest: logic matrix A/dark/speed2/delayed (not pixels)
ok 24 - logic matrix A/dark/speed2/delayed (not pixels)
  ---
  duration_ms: 0.554243
  type: 'test'
  ...
# Subtest: logic matrix A/dark/speed2/expired (not pixels)
ok 25 - logic matrix A/dark/speed2/expired (not pixels)
  ---
  duration_ms: 0.560202
  type: 'test'
  ...
# Subtest: logic matrix A/dark/speed2/offscreen (not pixels)
ok 26 - logic matrix A/dark/speed2/offscreen (not pixels)
  ---
  duration_ms: 2.450638
  type: 'test'
  ...
# Subtest: logic matrix A/dark/speed2/missing (not pixels)
ok 27 - logic matrix A/dark/speed2/missing (not pixels)
  ---
  duration_ms: 0.561178
  type: 'test'
  ...
# Subtest: logic matrix A/light/speed1/normal (not pixels)
ok 28 - logic matrix A/light/speed1/normal (not pixels)
  ---
  duration_ms: 0.805962
  type: 'test'
  ...
# Subtest: logic matrix A/light/speed1/duplicate (not pixels)
ok 29 - logic matrix A/light/speed1/duplicate (not pixels)
  ---
  duration_ms: 2.800426
  type: 'test'
  ...
# Subtest: logic matrix A/light/speed1/delayed (not pixels)
ok 30 - logic matrix A/light/speed1/delayed (not pixels)
  ---
  duration_ms: 3.215248
  type: 'test'
  ...
# Subtest: logic matrix A/light/speed1/expired (not pixels)
ok 31 - logic matrix A/light/speed1/expired (not pixels)
  ---
  duration_ms: 1.035042
  type: 'test'
  ...
# Subtest: logic matrix A/light/speed1/offscreen (not pixels)
ok 32 - logic matrix A/light/speed1/offscreen (not pixels)
  ---
  duration_ms: 2.158507
  type: 'test'
  ...
# Subtest: logic matrix A/light/speed1/missing (not pixels)
ok 33 - logic matrix A/light/speed1/missing (not pixels)
  ---
  duration_ms: 5.122675
  type: 'test'
  ...
# Subtest: logic matrix A/light/speed2/normal (not pixels)
ok 34 - logic matrix A/light/speed2/normal (not pixels)
  ---
  duration_ms: 0.714588
  type: 'test'
  ...
# Subtest: logic matrix A/light/speed2/duplicate (not pixels)
ok 35 - logic matrix A/light/speed2/duplicate (not pixels)
  ---
  duration_ms: 11.220895
  type: 'test'
  ...
# Subtest: logic matrix A/light/speed2/delayed (not pixels)
ok 36 - logic matrix A/light/speed2/delayed (not pixels)
  ---
  duration_ms: 0.448777
  type: 'test'
  ...
# Subtest: logic matrix A/light/speed2/expired (not pixels)
ok 37 - logic matrix A/light/speed2/expired (not pixels)
  ---
  duration_ms: 0.141113
  type: 'test'
  ...
# Subtest: logic matrix A/light/speed2/offscreen (not pixels)
ok 38 - logic matrix A/light/speed2/offscreen (not pixels)
  ---
  duration_ms: 8.09516
  type: 'test'
  ...
# Subtest: logic matrix A/light/speed2/missing (not pixels)
ok 39 - logic matrix A/light/speed2/missing (not pixels)
  ---
  duration_ms: 1.198624
  type: 'test'
  ...
# Subtest: logic matrix B/dark/speed1/normal (not pixels)
ok 40 - logic matrix B/dark/speed1/normal (not pixels)
  ---
  duration_ms: 8.382551
  type: 'test'
  ...
# Subtest: logic matrix B/dark/speed1/duplicate (not pixels)
ok 41 - logic matrix B/dark/speed1/duplicate (not pixels)
  ---
  duration_ms: 2.00579
  type: 'test'
  ...
# Subtest: logic matrix B/dark/speed1/delayed (not pixels)
ok 42 - logic matrix B/dark/speed1/delayed (not pixels)
  ---
  duration_ms: 0.375918
  type: 'test'
  ...
# Subtest: logic matrix B/dark/speed1/expired (not pixels)
ok 43 - logic matrix B/dark/speed1/expired (not pixels)
  ---
  duration_ms: 0.069379
  type: 'test'
  ...
# Subtest: logic matrix B/dark/speed1/offscreen (not pixels)
ok 44 - logic matrix B/dark/speed1/offscreen (not pixels)
  ---
  duration_ms: 4.630498
  type: 'test'
  ...
# Subtest: logic matrix B/dark/speed1/missing (not pixels)
ok 45 - logic matrix B/dark/speed1/missing (not pixels)
  ---
  duration_ms: 4.013726
  type: 'test'
  ...
# Subtest: logic matrix B/dark/speed2/normal (not pixels)
ok 46 - logic matrix B/dark/speed2/normal (not pixels)
  ---
  duration_ms: 0.763258
  type: 'test'
  ...
# Subtest: logic matrix B/dark/speed2/duplicate (not pixels)
ok 47 - logic matrix B/dark/speed2/duplicate (not pixels)
  ---
  duration_ms: 0.725083
  type: 'test'
  ...
# Subtest: logic matrix B/dark/speed2/delayed (not pixels)
ok 48 - logic matrix B/dark/speed2/delayed (not pixels)
  ---
  duration_ms: 4.077481
  type: 'test'
  ...
# Subtest: logic matrix B/dark/speed2/expired (not pixels)
ok 49 - logic matrix B/dark/speed2/expired (not pixels)
  ---
  duration_ms: 0.166384
  type: 'test'
  ...
# Subtest: logic matrix B/dark/speed2/offscreen (not pixels)
ok 50 - logic matrix B/dark/speed2/offscreen (not pixels)
  ---
  duration_ms: 3.178436
  type: 'test'
  ...
# Subtest: logic matrix B/dark/speed2/missing (not pixels)
ok 51 - logic matrix B/dark/speed2/missing (not pixels)
  ---
  duration_ms: 0.493039
  type: 'test'
  ...
# Subtest: logic matrix B/light/speed1/normal (not pixels)
ok 52 - logic matrix B/light/speed1/normal (not pixels)
  ---
  duration_ms: 17.022209
  type: 'test'
  ...
# Subtest: logic matrix B/light/speed1/duplicate (not pixels)
ok 53 - logic matrix B/light/speed1/duplicate (not pixels)
  ---
  duration_ms: 1.115756
  type: 'test'
  ...
# Subtest: logic matrix B/light/speed1/delayed (not pixels)
ok 54 - logic matrix B/light/speed1/delayed (not pixels)
  ---
  duration_ms: 0.402968
  type: 'test'
  ...
# Subtest: logic matrix B/light/speed1/expired (not pixels)
ok 55 - logic matrix B/light/speed1/expired (not pixels)
  ---
  duration_ms: 0.166579
  type: 'test'
  ...
# Subtest: logic matrix B/light/speed1/offscreen (not pixels)
ok 56 - logic matrix B/light/speed1/offscreen (not pixels)
  ---
  duration_ms: 1.674683
  type: 'test'
  ...
# Subtest: logic matrix B/light/speed1/missing (not pixels)
ok 57 - logic matrix B/light/speed1/missing (not pixels)
  ---
  duration_ms: 4.730837
  type: 'test'
  ...
# Subtest: logic matrix B/light/speed2/normal (not pixels)
ok 58 - logic matrix B/light/speed2/normal (not pixels)
  ---
  duration_ms: 2.18562
  type: 'test'
  ...
# Subtest: logic matrix B/light/speed2/duplicate (not pixels)
ok 59 - logic matrix B/light/speed2/duplicate (not pixels)
  ---
  duration_ms: 4.128974
  type: 'test'
  ...
# Subtest: logic matrix B/light/speed2/delayed (not pixels)
ok 60 - logic matrix B/light/speed2/delayed (not pixels)
  ---
  duration_ms: 0.220486
  type: 'test'
  ...
# Subtest: logic matrix B/light/speed2/expired (not pixels)
ok 61 - logic matrix B/light/speed2/expired (not pixels)
  ---
  duration_ms: 0.07332
  type: 'test'
  ...
# Subtest: logic matrix B/light/speed2/offscreen (not pixels)
ok 62 - logic matrix B/light/speed2/offscreen (not pixels)
  ---
  duration_ms: 1.926768
  type: 'test'
  ...
# Subtest: logic matrix B/light/speed2/missing (not pixels)
ok 63 - logic matrix B/light/speed2/missing (not pixels)
  ---
  duration_ms: 0.426961
  type: 'test'
  ...
# Subtest: different phase/state topologies, including exact end
ok 64 - different phase/state topologies, including exact end
  ---
  duration_ms: 44.29135
  type: 'test'
  ...
# Subtest: camera re-entry keeps age instead of replaying
ok 65 - camera re-entry keeps age instead of replaying
  ---
  duration_ms: 2.779345
  type: 'test'
  ...
# Subtest: a far offscreen event never suppresses visible event
ok 66 - a far offscreen event never suppresses visible event
  ---
  duration_ms: 0.194761
  type: 'test'
  ...
# Subtest: reduced motion minimizes transverse motion but retains causal transport
ok 67 - reduced motion minimizes transverse motion but retains causal transport
  ---
  duration_ms: 0.078868
  type: 'test'
  ...
# Subtest: A: exact target one dedicated route
ok 68 - A: exact target one dedicated route
  ---
  duration_ms: 7.617168
  type: 'test'
  ...
# Subtest: B: exact target one dedicated route
ok 69 - B: exact target one dedicated route
  ---
  duration_ms: 0.283174
  type: 'test'
  ...
# Subtest: reject invalid status:failed
ok 70 - reject invalid status:failed
  ---
  duration_ms: 1.085167
  type: 'test'
  ...
# Subtest: reject invalid objectId:
ok 71 - reject invalid objectId:
  ---
  duration_ms: 0.221018
  type: 'test'
  ...
# Subtest: reject invalid type:wrong
ok 72 - reject invalid type:wrong
  ---
  duration_ms: 5.727315
  type: 'test'
  ...
# Subtest: reject invalid effectKind:wrong
ok 73 - reject invalid effectKind:wrong
  ---
  duration_ms: 0.217807
  type: 'test'
  ...
# Subtest: reject invalid playerId:absent
ok 74 - reject invalid playerId:absent
  ---
  duration_ms: 0.324505
  type: 'test'
  ...
# Subtest: reject invalid objectCausalId:
ok 75 - reject invalid objectCausalId:
  ---
  duration_ms: 0.179273
  type: 'test'
  ...
# Subtest: reject invalid capturedTime:NaN
ok 76 - reject invalid capturedTime:NaN
  ---
  duration_ms: 0.37299
  type: 'test'
  ...
# Subtest: reject invalid capturedTime:123
ok 77 - reject invalid capturedTime:123
  ---
  duration_ms: 0.351433
  type: 'test'
  ...
# Subtest: reject invalid worldOrigin:[object Object]
ok 78 - reject invalid worldOrigin:[object Object]
  ---
  duration_ms: 0.150451
  type: 'test'
  ...
# Subtest: reject invalid worldOrigin:[object Object]
ok 79 - reject invalid worldOrigin:[object Object]
  ---
  duration_ms: 0.077101
  type: 'test'
  ...
# Subtest: untrusted success flag rejected
ok 80 - untrusted success flag rejected
  ---
  duration_ms: 1.310495
  type: 'test'
  ...
# Subtest: 100 concurrent duplicates reserve once
ok 81 - 100 concurrent duplicates reserve once
  ---
  duration_ms: 4.313077
  type: 'test'
  ...
# Subtest: same cause cannot mutate player, timestamp or object to replay
ok 82 - same cause cannot mutate player, timestamp or object to replay
  ---
  duration_ms: 0.35516
  type: 'test'
  ...
# Subtest: controller replacement shares persistent claim (model)
ok 83 - controller replacement shares persistent claim (model)
  ---
  duration_ms: 0.363134
  type: 'test'
  ...
# Subtest: render, camera and redraw never re-fire
ok 84 - render, camera and redraw never re-fire
  ---
  duration_ms: 8.143164
  type: 'test'
  ...
# Subtest: delayed receipt joins capturedTime phase
ok 85 - delayed receipt joins capturedTime phase
  ---
  duration_ms: 2.067761
  type: 'test'
  ...
# Subtest: expired event is consumed, no visual and no generic
ok 86 - expired event is consumed, no visual and no generic
  ---
  duration_ms: 0.795801
  type: 'test'
  ...
# Subtest: future +51ms rejected; +30ms waits without extra trigger
ok 87 - future +51ms rejected; +30ms waits without extra trigger
  ---
  duration_ms: 0.198493
  type: 'test'
  ...
# Subtest: unbounded clock fails closed
ok 88 - unbounded clock fails closed
  ---
  duration_ms: 0.105507
  type: 'test'
  ...
# Subtest: frame clock cannot rewind live phase
ok 89 - frame clock cannot rewind live phase
  ---
  duration_ms: 0.18507
  type: 'test'
  ...
# Subtest: missing anchor is not replaced with source; does not defer lifetime
ok 90 - missing anchor is not replaced with source; does not defer lifetime
  ---
  duration_ms: 0.137641
  type: 'test'
  ...
# Subtest: ledger quota failure cannot leak sound or visuals
ok 91 - ledger quota failure cannot leak sound or visuals
  ---
  duration_ms: 0.426774
  type: 'test'
  ...
# Subtest: unknown valid facility uses exactly one generic route
ok 92 - unknown valid facility uses exactly one generic route
  ---
  duration_ms: 0.378093
  type: 'test'
  ...
# Subtest: atomic presentation replacement does not modify benefit handler
ok 93 - atomic presentation replacement does not modify benefit handler
  ---
  duration_ms: 0.236463
  type: 'test'
  ...
# Subtest: cause keys are not delimiter-collision prone
ok 94 - cause keys are not delimiter-collision prone
  ---
  duration_ms: 0.061235
  type: 'test'
  ...
# Subtest: benefit/cooldown metadata independent of visual lifetime
ok 95 - benefit/cooldown metadata independent of visual lifetime
  ---
  duration_ms: 0.067634
  type: 'test'
  ...
# Subtest: A: B full structures, domains, identities, dependencies and status
ok 96 - A: B full structures, domains, identities, dependencies and status
  ---
  duration_ms: 19.75417
  type: 'test'
  ...
# Subtest: B: B full structures, domains, identities, dependencies and status
ok 97 - B: B full structures, domains, identities, dependencies and status
  ---
  duration_ms: 16.734903
  type: 'test'
  ...
# Subtest: B rule mapping has unique IDs and real implementation files
ok 98 - B rule mapping has unique IDs and real implementation files
  ---
  duration_ms: 26.592827
  type: 'test'
  ...
# Subtest: runtime has no raster asset/readback/fallback or receipt polling API
ok 99 - runtime has no raster asset/readback/fallback or receipt polling API
  ---
  duration_ms: 4.942073
  type: 'test'
  ...
# Subtest: shaders have native entrypoints and distinct morphology (not compilation)
ok 100 - shaders have native entrypoints and distinct morphology (not compilation)
  ---
  duration_ms: 2.630581
  type: 'test'
  ...
# Subtest: sound code cannot be triggered from render or projection
ok 101 - sound code cannot be triggered from render or projection
  ---
  duration_ms: 3.077439
  type: 'test'
  ...
# Subtest: selected WGSL reserved words are absent outside comments (not compilation)
ok 102 - selected WGSL reserved words are absent outside comments (not compilation)
  ---
  duration_ms: 1.640999
  type: 'test'
  ...
1..102
# tests 102
# suites 0
# pass 102
# fail 0
# cancelled 0
# skipped 0
# todo 0
# duration_ms 755.480907
